=== User Requested Slots ===
['customer_name', 'email']

=== Tasks ===
  Greeting: collect=[]
  Collect Customer Name: collect=['customer_name']
  Collect Email: collect=['email']
  Appointment Booking: collect=['customer_name', 'preferred_date', 'preferred_time', 'email']

=== Functions ===
  get_appointment_slots: params=['customer_name', 'preferred_date', 'preferred_time', 'email']

=== Flow Summary ===
  Step 1: Greet the caller and introduce the service
  Step 2: Ask for the customer's customer name
  Step 3: Ask for the customer's email
  Step 4: Ask for the customer's customer name
  Step 5: Ask for the customer's preferred date
  Step 6: Ask for the customer's preferred time
  Step 7: Ask for the customer's email
  Step 8: Check available appointment slots and book an appointment
  Step 9: Communicate the result to the caller
  Step 10: Ask if there's anything else
  Step 11: End the call politely
